[    0.000000] Initializing cgroup subsys cpuset
[    0.000000] Initializing cgroup subsys cpu
[    0.000000] Initializing cgroup subsys cpuacct
[    0.000000] Linux version 4.4.0-184-generic (buildd@lgw01-amd64-060) (gcc version 5.4.0 20160609 (Ubuntu 5.4.0-6ubuntu1~16.04.12) ) #214-Ubuntu SMP Thu Jun 4 10:14:11 UTC 2020 (Ubuntu 4.4.0-184.214-generic 4.4.223)
[    0.000000] Command line: BOOT_IMAGE=/boot/vmlinuz-4.4.0-184-generic root=LABEL=cloudimg-rootfs ro console=tty1 console=ttyS0
[    0.000000] KERNEL supported cpus:
[    0.000000]   Intel GenuineIntel
[    0.000000]   AMD AuthenticAMD
[    0.000000]   Centaur CentaurHauls
[    0.000000] x86/fpu: xstate_offset[2]:  576, xstate_sizes[2]:  256
[    0.000000] x86/fpu: Supporting XSAVE feature 0x01: 'x87 floating point registers'
[    0.000000] x86/fpu: Supporting XSAVE feature 0x02: 'SSE registers'
[    0.000000] x86/fpu: Supporting XSAVE feature 0x04: 'AVX registers'
[    0.000000] x86/fpu: Enabled xstate features 0x7, context size is 832 bytes, using 'standard' format.
[    0.000000] e820: BIOS-provided physical RAM map:
[    0.000000] BIOS-e820: [mem 0x0000000000000000-0x000000000009fbff] usable
[    0.000000] BIOS-e820: [mem 0x000000000009fc00-0x000000000009ffff] reserved
[    0.000000] BIOS-e820: [mem 0x00000000000f0000-0x00000000000fffff] reserved
[    0.000000] BIOS-e820: [mem 0x0000000000100000-0x000000003ffeffff] usable
[    0.000000] BIOS-e820: [mem 0x000000003fff0000-0x000000003fffffff] ACPI data
[    0.000000] BIOS-e820: [mem 0x00000000fec00000-0x00000000fec00fff] reserved
[    0.000000] BIOS-e820: [mem 0x00000000fee00000-0x00000000fee00fff] reserved
[    0.000000] BIOS-e820: [mem 0x00000000fffc0000-0x00000000ffffffff] reserved
[    0.000000] NX (Execute Disable) protection: active
[    0.000000] SMBIOS 2.5 present.
[    0.000000] Hypervisor detected: KVM
[    0.000000] e820: last_pfn = 0x3fff0 max_arch_pfn = 0x400000000
[    0.000000] MTRR: Disabled
[    0.000000] x86/PAT: MTRRs disabled, skipping PAT initialization too.
[    0.000000] CPU MTRRs all blank - virtualized system.
[    0.000000] x86/PAT: Configuration [0-7]: WB  WT  UC- UC  WB  WT  UC- UC  
[    0.000000] found SMP MP-table at [mem 0x0009fff0-0x0009ffff] mapped at [ffff88000009fff0]
[    0.000000] Scanning 1 areas for low memory corruption
[    0.000000] RAMDISK: [mem 0x362de000-0x37166fff]
[    0.000000] ACPI: Early table checksum verification disabled
[    0.000000] ACPI: RSDP 0x00000000000E0000 000024 (v02 VBOX  )
[    0.000000] ACPI: XSDT 0x000000003FFF0030 00003C (v01 VBOX   VBOXXSDT 00000001 ASL  00000061)
[    0.000000] ACPI: FACP 0x000000003FFF00F0 0000F4 (v04 VBOX   VBOXFACP 00000001 ASL  00000061)
[    0.000000] ACPI: DSDT 0x000000003FFF0470 002325 (v02 VBOX   VBOXBIOS 00000002 INTL 20100528)
[    0.000000] ACPI: FACS 0x000000003FFF0200 000040
[    0.000000] ACPI: FACS 0x000000003FFF0200 000040
[    0.000000] ACPI: APIC 0x000000003FFF0240 00005C (v02 VBOX   VBOXAPIC 00000001 ASL  00000061)
[    0.000000] ACPI: SSDT 0x000000003FFF02A0 0001CC (v01 VBOX   VBOXCPUT 00000002 INTL 20100528)
[    0.000000] No NUMA configuration found
[    0.000000] Faking a node at [mem 0x0000000000000000-0x000000003ffeffff]
[    0.000000] NODE_DATA(0) allocated [mem 0x3ffeb000-0x3ffeffff]
[    0.000000] kvm-clock: Using msrs 4b564d01 and 4b564d00
[    0.000000] kvm-clock: cpu 0, msr 0:3ffe3001, primary cpu clock
[    0.000000] kvm-clock: using sched offset of 6623321056 cycles
[    0.000000] clocksource: kvm-clock: mask: 0xffffffffffffffff max_cycles: 0x1cd42e4dffb, max_idle_ns: 881590591483 ns
[    0.000000] Zone ranges:
[    0.000000]   DMA      [mem 0x0000000000001000-0x0000000000ffffff]
[    0.000000]   DMA32    [mem 0x0000000001000000-0x000000003ffeffff]
[    0.000000]   Normal   empty
[    0.000000]   Device   empty
[    0.000000] Movable zone start for each node
[    0.000000] Early memory node ranges
[    0.000000]   node   0: [mem 0x0000000000001000-0x000000000009efff]
[    0.000000]   node   0: [mem 0x0000000000100000-0x000000003ffeffff]
[    0.000000] Initmem setup node 0 [mem 0x0000000000001000-0x000000003ffeffff]
[    0.000000] ACPI: PM-Timer IO Port: 0x4008
[    0.000000] IOAPIC[0]: apic_id 2, version 32, address 0xfec00000, GSI 0-23
[    0.000000] ACPI: INT_SRC_OVR (bus 0 bus_irq 0 global_irq 2 dfl dfl)
[    0.000000] ACPI: INT_SRC_OVR (bus 0 bus_irq 9 global_irq 9 low level)
[    0.000000] Using ACPI (MADT) for SMP configuration information
[    0.000000] smpboot: Allowing 2 CPUs, 0 hotplug CPUs
[    0.000000] PM: Registered nosave memory: [mem 0x00000000-0x00000fff]
[    0.000000] PM: Registered nosave memory: [mem 0x0009f000-0x0009ffff]
[    0.000000] PM: Registered nosave memory: [mem 0x000a0000-0x000effff]
[    0.000000] PM: Registered nosave memory: [mem 0x000f0000-0x000fffff]
[    0.000000] e820: [mem 0x40000000-0xfebfffff] available for PCI devices
[    0.000000] Booting paravirtualized kernel on KVM
[    0.000000] clocksource: refined-jiffies: mask: 0xffffffff max_cycles: 0xffffffff, max_idle_ns: 7645519600211568 ns
[    0.000000] setup_percpu: NR_CPUS:512 nr_cpumask_bits:512 nr_cpu_ids:2 nr_node_ids:1
[    0.000000] PERCPU: Embedded 33 pages/cpu @ffff88003fc00000 s95448 r8192 d31528 u1048576
[    0.000000] Built 1 zonelists in Node order, mobility grouping on.  Total pages: 257912
[    0.000000] Policy zone: DMA32
[    0.000000] Kernel command line: BOOT_IMAGE=/boot/vmlinuz-4.4.0-184-generic root=LABEL=cloudimg-rootfs ro console=tty1 console=ttyS0
[    0.000000] PID hash table entries: 4096 (order: 3, 32768 bytes)
[    0.000000] Memory: 997664K/1048120K available (8632K kernel code, 1336K rwdata, 4036K rodata, 1492K init, 1292K bss, 50456K reserved, 0K cma-reserved)
[    0.000000] SLUB: HWalign=64, Order=0-3, MinObjects=0, CPUs=2, Nodes=1
[    0.000000] Kernel/User page tables isolation: enabled
[    0.000000] Hierarchical RCU implementation.
[    0.000000] 	Build-time adjustment of leaf fanout to 64.
[    0.000000] 	RCU restricting CPUs from NR_CPUS=512 to nr_cpu_ids=2.
[    0.000000] RCU: Adjusting geometry for rcu_fanout_leaf=64, nr_cpu_ids=2
[    0.000000] NR_IRQS:33024 nr_irqs:440 16
[    0.000000] Console: colour VGA+ 80x25
[    0.000000] console [tty1] enabled
[    0.000000] console [ttyS0] enabled
[    0.000000] tsc: Detected 1991.999 MHz processor
[    0.327999] Calibrating delay loop (skipped) preset value.. 3983.99 BogoMIPS (lpj=7967996)
[    0.331547] pid_max: default: 32768 minimum: 301
[    0.334015] ACPI: Core revision 20150930
[    0.337180] ACPI: 2 ACPI AML tables successfully acquired and loaded
[    0.340693] Security Framework initialized
[    0.342638] Yama: becoming mindful.
[    0.344250] AppArmor: AppArmor initialized
[    0.346874] Dentry cache hash table entries: 131072 (order: 8, 1048576 bytes)
[    0.352590] Inode-cache hash table entries: 65536 (order: 7, 524288 bytes)
[    0.356430] Mount-cache hash table entries: 2048 (order: 2, 16384 bytes)
[    0.360078] Mountpoint-cache hash table entries: 2048 (order: 2, 16384 bytes)
[    0.363325] Initializing cgroup subsys io
[    0.365378] Initializing cgroup subsys memory
[    0.367863] Initializing cgroup subsys devices
[    0.370861] Initializing cgroup subsys freezer
[    0.373416] Initializing cgroup subsys net_cls
[    0.377245] Initializing cgroup subsys perf_event
[    0.379957] Initializing cgroup subsys net_prio
[    0.383150] Initializing cgroup subsys hugetlb
[    0.386787] Initializing cgroup subsys pids
[    0.392483] mce: CPU supports 0 MCE banks
[    0.394038] Last level iTLB entries: 4KB 64, 2MB 8, 4MB 8
[    0.396906] Last level dTLB entries: 4KB 64, 2MB 0, 4MB 0, 1GB 4
[    0.399924] Spectre V1 : Mitigation: usercopy/swapgs barriers and __user pointer sanitization
[    0.404893] Spectre V2 : Mitigation: Full generic retpoline
[    0.408655] Spectre V2 : Spectre v2 / SpectreRSB mitigation: Filling RSB on context switch
[    0.412004] Speculative Store Bypass: Vulnerable
[    0.413848] SRBDS: Unknown: Dependent on hypervisor status
[    0.416962] MDS: Mitigation: Clear CPU buffers
[    0.424192] Freeing SMP alternatives memory: 36K
[    0.434781] ftrace: allocating 32319 entries in 127 pages
[    0.527536] smpboot: APIC(0) Converting physical 0 to logical package 0
[    0.530152] smpboot: Max logical packages: 1
[    0.533056] x2apic enabled
[    0.536207] Switched APIC routing to physical x2apic.
[    0.542086] ..TIMER: vector=0x30 apic1=0 pin1=2 apic2=-1 pin2=-1
[    0.653172] smpboot: CPU0: Intel(R) Core(TM) i5-6360U CPU @ 2.00GHz (family: 0x6, model: 0x4e, stepping: 0x3)
[    0.659676] Performance Events: unsupported p6 CPU model 78 no PMU driver, software events only.
[    0.684159] KVM setup paravirtual spinlock
[    0.689350] x86: Booting SMP configuration:
[    0.691678] .... node  #0, CPUs:      #1
[    0.694343] kvm-clock: cpu 1, msr 0:3ffe3041, secondary cpu clock
[    0.703116] mce: CPU supports 0 MCE banks
[    0.708795] x86: Booted up 1 node, 2 CPUs
[    0.712593] smpboot: Total of 2 processors activated (7967.99 BogoMIPS)
[    0.718326] devtmpfs: initialized
[    0.724679] evm: security.selinux
[    0.733768] evm: security.SMACK64
[    0.736851] evm: security.SMACK64EXEC
[    0.739907] evm: security.SMACK64TRANSMUTE
[    0.743723] evm: security.SMACK64MMAP
[    0.746777] evm: security.ima
[    0.748909] evm: security.capability
[    0.752446] clocksource: jiffies: mask: 0xffffffff max_cycles: 0xffffffff, max_idle_ns: 7645041785100000 ns
[    0.760585] futex hash table entries: 512 (order: 3, 32768 bytes)
[    0.764778] pinctrl core: initialized pinctrl subsystem
[    0.769781] RTC time: 10:06:55, date: 07/01/20
[    0.775459] NET: Registered protocol family 16
[    0.789805] cpuidle: using governor ladder
[    0.802372] cpuidle: using governor menu
[    0.806069] PCCT header not found.
[    0.807993] ACPI: bus type PCI registered
[    0.810988] acpiphp: ACPI Hot Plug PCI Controller Driver version: 0.5
[    0.813593] PCI: Using configuration type 1 for base access
[    0.831381] ACPI: Added _OSI(Module Device)
[    0.836460] ACPI: Added _OSI(Processor Device)
[    0.839001] ACPI: Added _OSI(3.0 _SCP Extensions)
[    0.846562] ACPI: Added _OSI(Processor Aggregator Device)
[    0.854236] ACPI: Executed 1 blocks of module-level executable AML code
[    0.859931] ACPI: Interpreter enabled
[    0.862071] ACPI: (supports S0 S5)
[    0.863813] ACPI: Using IOAPIC for interrupt routing
[    0.867547] PCI: Using host bridge windows from ACPI; if necessary, use "pci=nocrs" and report a bug
[    0.881622] ACPI: PCI Root Bridge [PCI0] (domain 0000 [bus 00-ff])
[    0.885345] acpi PNP0A03:00: _OSC: OS supports [ASPM ClockPM Segments MSI]
[    0.889574] acpi PNP0A03:00: _OSC: not requesting OS control; OS requires [ExtendedConfig ASPM ClockPM MSI]
[    0.897054] acpi PNP0A03:00: fail to add MMCONFIG information, can't access extended PCI configuration space under this bridge.
[    0.905472] PCI host bridge to bus 0000:00
[    0.909109] pci_bus 0000:00: root bus resource [io  0x0000-0x0cf7 window]
[    0.911823] pci_bus 0000:00: root bus resource [io  0x0d00-0xffff window]
[    0.914085] pci_bus 0000:00: root bus resource [mem 0x000a0000-0x000bffff window]
[    0.920080] pci_bus 0000:00: root bus resource [mem 0x40000000-0xfdffffff window]
[    0.926282] pci_bus 0000:00: root bus resource [bus 00-ff]
[    0.936210] pci 0000:00:01.1: legacy IDE quirk: reg 0x10: [io  0x01f0-0x01f7]
[    0.942934] pci 0000:00:01.1: legacy IDE quirk: reg 0x14: [io  0x03f6]
[    0.947952] pci 0000:00:01.1: legacy IDE quirk: reg 0x18: [io  0x0170-0x0177]
[    0.967393] pci 0000:00:01.1: legacy IDE quirk: reg 0x1c: [io  0x0376]
[    0.993708] pci 0000:00:07.0: quirk: [io  0x4000-0x403f] claimed by PIIX4 ACPI
[    0.998666] pci 0000:00:07.0: quirk: [io  0x4100-0x410f] claimed by PIIX4 SMB
[    1.017402] ACPI: PCI Interrupt Link [LNKA] (IRQs 5 9 10 *11)
[    1.022937] ACPI: PCI Interrupt Link [LNKB] (IRQs 5 9 *10 11)
[    1.027986] ACPI: PCI Interrupt Link [LNKC] (IRQs 5 *9 10 11)
[    1.032786] ACPI: PCI Interrupt Link [LNKD] (IRQs 5 9 10 *11)
[    1.039210] ACPI: Enabled 2 GPEs in block 00 to 07
[    1.043480] vgaarb: setting as boot device: PCI:0000:00:02.0
[    1.046459] vgaarb: device added: PCI:0000:00:02.0,decodes=io+mem,owns=io+mem,locks=none
[    1.052817] vgaarb: loaded
[    1.057079] vgaarb: bridge control possible 0000:00:02.0
[    1.060775] SCSI subsystem initialized
[    1.064611] ACPI: bus type USB registered
[    1.069834] usbcore: registered new interface driver usbfs
[    1.074441] usbcore: registered new interface driver hub
[    1.080072] usbcore: registered new device driver usb
[    1.083323] PCI: Using ACPI for IRQ routing
[    1.088718] NetLabel: Initializing
[    1.091682] NetLabel:  domain hash size = 128
[    1.094630] NetLabel:  protocols = UNLABELED CIPSOv4
[    1.097378] NetLabel:  unlabeled traffic allowed by default
[    1.101048] amd_nb: Cannot enumerate AMD northbridges
[    1.103304] clocksource: Switched to clocksource kvm-clock
[    1.116742] AppArmor: AppArmor Filesystem Enabled
[    1.119245] pnp: PnP ACPI init
[    1.122415] pnp: PnP ACPI: found 3 devices
[    1.136708] clocksource: acpi_pm: mask: 0xffffff max_cycles: 0xffffff, max_idle_ns: 2085701024 ns
[    1.142776] NET: Registered protocol family 2
[    1.146463] TCP established hash table entries: 8192 (order: 4, 65536 bytes)
[    1.151347] TCP bind hash table entries: 8192 (order: 5, 131072 bytes)
[    1.155971] TCP: Hash tables configured (established 8192 bind 8192)
[    1.159372] UDP hash table entries: 512 (order: 2, 16384 bytes)
[    1.163010] UDP-Lite hash table entries: 512 (order: 2, 16384 bytes)
[    1.166967] NET: Registered protocol family 1
[    1.170356] pci 0000:00:00.0: Limiting direct PCI/PCI transfers
[    1.175162] pci 0000:00:01.0: Activating ISA DMA hang workarounds
[    1.177914] Unpacking initramfs...
[    1.485225] Freeing initrd memory: 14884K
[    1.486867] clocksource: tsc: mask: 0xffffffffffffffff max_cycles: 0x396d4ffc055, max_idle_ns: 881590662783 ns
[    1.491066] platform rtc_cmos: registered platform RTC device (no PNP device found)
[    1.494200] Scanning for low memory corruption every 60 seconds
[    1.497065] audit: initializing netlink subsys (disabled)
[    1.499603] audit: type=2000 audit(1593598023.474:1): initialized
[    1.501930] Initialise system trusted keyring
[    1.503692] HugeTLB registered 2 MB page size, pre-allocated 0 pages
[    1.507032] zbud: loaded
[    1.508578] VFS: Disk quotas dquot_6.6.0
[    1.510351] VFS: Dquot-cache hash table entries: 512 (order 0, 4096 bytes)
[    1.513136] squashfs: version 4.0 (2009/01/31) Phillip Lougher
[    1.515566] fuse init (API version 7.23)
[    1.517919] Key type big_key registered
[    1.519563] Allocating IMA MOK and blacklist keyrings.
[    1.523005] Key type asymmetric registered
[    1.524460] Asymmetric key parser 'x509' registered
[    1.526142] Block layer SCSI generic (bsg) driver version 0.4 loaded (major 249)
[    1.528778] io scheduler noop registered
[    1.530554] io scheduler deadline registered (default)
[    1.532745] io scheduler cfq registered
[    1.534483] pci_hotplug: PCI Hot Plug PCI Core version: 0.5
[    1.536789] pciehp: PCI Express Hot Plug Controller Driver version: 0.4
[    1.539286] ACPI: AC Adapter [AC] (on-line)
[    1.540673] input: Power Button as /devices/LNXSYSTM:00/LNXPWRBN:00/input/input0
[    1.544091] ACPI: Power Button [PWRF]
[    1.545818] input: Sleep Button as /devices/LNXSYSTM:00/LNXSLPBN:00/input/input1
[    1.549741] ACPI: Sleep Button [SLPF]
[    1.553014] ACPI: Battery Slot [BAT0] (battery present)
[    1.555206] GHES: HEST is not enabled!
[    1.557288] Serial: 8250/16550 driver, 32 ports, IRQ sharing enabled
[    1.582439] 00:02: ttyS0 at I/O 0x3f8 (irq = 4, base_baud = 115200) is a 16550A
[    1.586569] Linux agpgart interface v0.103
[    1.590488] loop: module loaded
[    1.593556] scsi host0: ata_piix
[    1.595445] scsi host1: ata_piix
[    1.596922] ata1: PATA max UDMA/33 cmd 0x1f0 ctl 0x3f6 bmdma 0xd000 irq 14
[    1.599553] ata2: PATA max UDMA/33 cmd 0x170 ctl 0x376 bmdma 0xd008 irq 15
[    1.601853] libphy: Fixed MDIO Bus: probed
[    1.603421] tun: Universal TUN/TAP device driver, 1.6
[    1.604800] tun: (C) 1999-2004 Max Krasnyansky <maxk@qualcomm.com>
[    1.606620] PPP generic driver version 2.4.2
[    1.608851] ehci_hcd: USB 2.0 'Enhanced' Host Controller (EHCI) Driver
[    1.611090] ehci-pci: EHCI PCI platform driver
[    1.612860] ehci-platform: EHCI generic platform driver
[    1.614995] ohci_hcd: USB 1.1 'Open' Host Controller (OHCI) Driver
[    1.618026] ohci-pci: OHCI PCI platform driver
[    1.619830] ohci-platform: OHCI generic platform driver
[    1.621358] uhci_hcd: USB Universal Host Controller Interface driver
[    1.624006] i8042: PNP: PS/2 Controller [PNP0303:PS2K,PNP0f03:PS2M] at 0x60,0x64 irq 1,12
[    1.628016] serio: i8042 KBD port at 0x60,0x64 irq 1
[    1.630051] serio: i8042 AUX port at 0x60,0x64 irq 12
[    1.632440] mousedev: PS/2 mouse device common for all mice
[    1.635572] rtc_cmos rtc_cmos: rtc core: registered rtc_cmos as rtc0
[    1.638160] rtc_cmos rtc_cmos: alarms up to one day, 114 bytes nvram
[    1.641234] i2c /dev entries driver
[    1.642809] device-mapper: uevent: version 1.0.3
[    1.645355] input: AT Translated Set 2 keyboard as /devices/platform/i8042/serio0/input/input2
[    1.651207] device-mapper: ioctl: 4.34.0-ioctl (2015-10-28) initialised: dm-devel@redhat.com
[    1.654723] ledtrig-cpu: registered to indicate activity on CPUs
[    1.658015] NET: Registered protocol family 10
[    1.660495] NET: Registered protocol family 17
[    1.662613] Key type dns_resolver registered
[    1.664777] registered taskstats version 1
[    1.666501] Loading compiled-in X.509 certificates
[    1.668942] Loaded X.509 cert 'Build time autogenerated kernel key: b6ae09eed57f82583ccd3c65c463e852cdd7a0b5'
[    1.672880] zswap: loaded using pool lzo/zbud
[    1.679727] Key type trusted registered
[    1.686628] Key type encrypted registered
[    1.688164] AppArmor: AppArmor sha1 policy hashing enabled
[    1.690094] ima: No TPM chip found, activating TPM-bypass!
[    1.692874] ima: Allocated hash algorithm: sha1
[    1.695112] evm: HMAC attrs: 0x1
[    1.697749]   Magic number: 12:204:122
[    1.699306] acpi LNXSYBUS:00: hash matches
[    1.701036] rtc_cmos rtc_cmos: setting system clock to 2020-07-01 10:06:56 UTC (1593598016)
[    1.704363] BIOS EDD facility v0.16 2004-Jun-25, 0 devices found
[    1.706345] EDD information not available.
[    2.364442] Freeing unused kernel memory: 1492K
[    2.368559] Write protecting the kernel read-only data: 14336k
[    2.373778] Freeing unused kernel memory: 1596K
[    2.377199] Freeing unused kernel memory: 60K
Loading, please wait...
starting version 229
[    2.407286] random: systemd-udevd: uninitialized urandom read (16 bytes read, 5 bits of entropy available)
[    2.408226] random: udevadm: uninitialized urandom read (16 bytes read, 5 bits of entropy available)
[    2.408261] random: udevadm: uninitialized urandom read (16 bytes read, 5 bits of entropy available)
[    2.420019] random: systemd-udevd: uninitialized urandom read (16 bytes read, 5 bits of entropy available)
[    2.420876] random: udevadm: uninitialized urandom read (16 bytes read, 5 bits of entropy available)
[    2.421022] random: udevadm: uninitialized urandom read (16 bytes read, 5 bits of entropy available)
[    2.421273] random: udevadm: uninitialized urandom read (16 bytes read, 5 bits of entropy available)
[    2.421331] random: udevadm: uninitialized urandom read (16 bytes read, 5 bits of entropy available)
[    2.421380] random: udevadm: uninitialized urandom read (16 bytes read, 5 bits of entropy available)
[    2.421429] random: udevadm: uninitialized urandom read (16 bytes read, 5 bits of entropy available)
[    2.497310] e1000: Intel(R) PRO/1000 Network Driver - version 7.3.21-k8-NAPI
[    2.500131] e1000: Copyright (c) 1999-2006 Intel Corporation.
[    2.510156] Fusion MPT base driver 3.04.20
[    2.511952] Copyright (c) 1999-2008 LSI Corporation
[    2.526961] Fusion MPT SPI Host driver 3.04.20
[    2.553742] AVX2 version of gcm_enc/dec engaged.
[    2.556605] AES CTR mode by8 optimization enabled
[    2.751752] input: ImExPS/2 Generic Explorer Mouse as /devices/platform/i8042/serio1/input/input4
[    3.398513] e1000 0000:00:03.0 eth0: (PCI:33MHz:32-bit) 02:89:fa:04:16:8f
[    3.401924] e1000 0000:00:03.0 eth0: Intel(R) PRO/1000 Network Connection
[    4.398826] e1000 0000:00:08.0 eth1: (PCI:33MHz:32-bit) 08:00:27:90:c9:58
[    4.401757] e1000 0000:00:08.0 eth1: Intel(R) PRO/1000 Network Connection
[    4.406013] mptbase: ioc0: Initiating bringup
[    4.407039] e1000 0000:00:08.0 enp0s8: renamed from eth1
[    4.426704] e1000 0000:00:03.0 enp0s3: renamed from eth0
[    4.475615] ioc0: LSI53C1030 A0: Capabilities={Initiator}
[    4.647793] scsi host2: ioc0: LSI53C1030 A0, FwRev=00000000h, Ports=1, MaxQ=256, IRQ=20
[    4.781019] scsi 2:0:0:0: Direct-Access     VBOX     HARDDISK         1.0  PQ: 0 ANSI: 5
[    4.784974] scsi target2:0:0: Beginning Domain Validation
[    4.793393] scsi target2:0:0: Domain Validation skipping write tests
[    4.796007] scsi target2:0:0: Ending Domain Validation
[    4.797986] scsi target2:0:0: asynchronous
[    4.801114] scsi 2:0:1:0: Direct-Access     VBOX     HARDDISK         1.0  PQ: 0 ANSI: 5
[    4.821781] scsi target2:0:1: Beginning Domain Validation
[    4.825165] scsi target2:0:1: Domain Validation skipping write tests
[    4.828153] scsi target2:0:1: Ending Domain Validation
[    4.830270] scsi target2:0:1: asynchronous
[    4.845755] sd 2:0:0:0: Attached scsi generic sg0 type 0
[    4.848731] sd 2:0:0:0: [sda] 20971520 512-byte logical blocks: (10.7 GB/10.0 GiB)
[    4.854980] sd 2:0:1:0: [sdb] 20480 512-byte logical blocks: (10.5 MB/10.0 MiB)
[    4.854990] sd 2:0:0:0: [sda] Write Protect is off
[    4.862798] sd 2:0:1:0: Attached scsi generic sg1 type 0
[    4.862874] sd 2:0:0:0: [sda] Incomplete mode parameter data
[    4.862877] sd 2:0:0:0: [sda] Assuming drive cache: write through
[    4.871838] sd 2:0:1:0: [sdb] Write Protect is off
[    4.879472] sd 2:0:1:0: [sdb] Incomplete mode parameter data
[    4.881502] sd 2:0:1:0: [sdb] Assuming drive cache: write through
[    4.886529]  sda: sda1
[    4.889453] sd 2:0:0:0: [sda] Attached SCSI disk
[    4.890411] sd 2:0:1:0: [sdb] Attached SCSI disk
Begin: Loading essential drivers ... [    6.369490] md: linear personality registered for level -1
[    6.379788] md: multipath personality registered for level -4
[    6.389828] md: raid0 personality registered for level 0
[    6.398039] md: raid1 personality registered for level 1
[    6.471664] raid6: sse2x1   gen()  5912 MB/s
[    6.539564] raid6: sse2x1   xor()  4587 MB/s
[    6.615468] raid6: sse2x2   gen()  6201 MB/s
[    6.683475] raid6: sse2x2   xor()  3869 MB/s
[    6.751653] raid6: sse2x4   gen()  2665 MB/s
[    6.824152] raid6: sse2x4   xor()  1707 MB/s
[    6.895410] raid6: avx2x1   gen() 11066 MB/s
[    6.963590] raid6: avx2x2   gen() 12191 MB/s
[    7.031446] raid6: avx2x4   gen()  5736 MB/s
[    7.038464] raid6: using algorithm avx2x2 gen() 12191 MB/s
[    7.049057] raid6: using avx2x2 recovery algorithm
[    7.058832] xor: automatically using best checksumming function:
[    7.099446]    avx       : 16533.000 MB/sec
[    7.106492] async_tx: api initialized (async)
[    7.136813] md: raid6 personality registered for level 6
[    7.139583] md: raid5 personality registered for level 5
[    7.149225] md: raid4 personality registered for level 4
[    7.167213] md: raid10 personality registered for level 10
done.
Begin: Running /scripts/init-premount ... done.
Begin: Mounting root file system ... Begin: Running /scripts/local-top ... done.
Begin: Running /scripts/local-premount ... [    7.229742] Btrfs loaded
Scanning for Btrfs filesystems
done.
Warning: fsck not present, so skipping root file system
[    7.629233] EXT4-fs (sda1): mounted filesystem with ordered data mode. Opts: (null)
done.
Begin: Running /scripts/local-bottom ... done.
Begin: Running /scripts/init-bottom ... done.
[    8.316287] random: nonblocking pool is initialized
[    8.584881] systemd[1]: systemd 229 running in system mode. (+PAM +AUDIT +SELINUX +IMA +APPARMOR +SMACK +SYSVINIT +UTMP +LIBCRYPTSETUP +GCRYPT +GNUTLS +ACL +XZ -LZ4 +SECCOMP +BLKID +ELFUTILS +KMOD -IDN)
[    8.593376] systemd[1]: Detected virtualization oracle.
[    8.595490] systemd[1]: Detected architecture x86-64.

Welcome to [1mUbuntu 16.04.6 LTS[0m!

[    8.616911] systemd[1]: Set hostname to <ubuntu>.
[    8.642798] systemd[1]: Initializing machine ID from random generator.
[    8.646206] systemd[1]: Installed transient /etc/machine-id file.
[   10.034116] systemd[1]: Reached target System Time Synchronized.
[[0;32m  OK  [0m] Reached target System Time Synchronized.
[   10.041337] systemd[1]: Listening on udev Control Socket.
[[0;32m  OK  [0m] Listening on udev Control Socket.
[   10.045532] systemd[1]: Listening on Journal Socket.
[[0;32m  OK  [0m] Listening on Journal Socket.
[   10.049697] systemd[1]: Set up automount Arbitrary Executable File Formats File System Automount Point.
[[0;32m  OK  [0m] Set up automount Arbitrary Executab...ats File System Automount Point.
[   10.056545] systemd[1]: Listening on udev Kernel Socket.
[[0;32m  OK  [0m] Listening on udev Kernel Socket.
[   10.060340] systemd[1]: Started Trigger resolvconf update for networkd DNS.
[[0;32m  OK  [0m] Started Trigger resolvconf update for networkd DNS.
[   10.065903] systemd[1]: Reached target Encrypted Volumes.
[[0;32m  OK  [0m] Reached target Encrypted Volumes.
[   10.070304] systemd[1]: Listening on LVM2 poll daemon socket.
[[0;32m  OK  [0m] Listening on LVM2 poll daemon socket.
[   10.075114] systemd[1]: Created slice System Slice.
[[0;32m  OK  [0m] Created slice System Slice.
[   10.092073] systemd[1]: Starting Create list of required static device nodes for the current kernel...
         Starting Create list of required st... nodes for the current kernel...
[   10.103809] systemd[1]: Starting Load Kernel Modules...
         Starting Load Kernel Modules...
[   10.111184] systemd[1]: Starting Uncomplicated firewall...
         Starting Uncomplicated firewall...
[   10.116553] systemd[1]: Starting Set console keymap...
[   10.118857] Loading iSCSI transport class v2.0-870.
         Starting Set console keymap...
[   10.127849] systemd[1]: Listening on Device-mapper event daemon FIFOs.
[[0;32m  OK  [0m] Listening on Device-mapper event daemon FIFOs.
[   10.133419] systemd[1]: Listening on LVM2 metadata daemon socket.
[   10.136799] iscsi: registered transport (tcp)
[[0;32m  OK  [0m] Listening on LVM2 metadata daemon socket.
[   10.142024] systemd[1]: Mounting Debug File System...
         Mounting Debug File System...
[   10.149572] systemd[1]: Starting Remount Root and Kernel File Systems...
         Starting Remount Root and Kernel File Systems...
[   10.157658] systemd[1]: Listening on Syslog Socket.
[[0;32m  OK  [0m] Listening on Syslog Socket.[   10.163654] EXT4-fs (sda1): re-mounted. Opts: (null)

[   10.168765] systemd[1]: Listening on Journal Socket (/dev/log).
[[0;32m  OK  [0m] Listening on Journal Socket (/dev/log).
[   10.178053] systemd[1]: Reached target Swap.
[[0;32m  OK  [0m] Reached target Swap.
[   10.196012] systemd[1]: Starting Nameserver information manager...
         Starting Nameserver information manager...
[   10.208437] systemd[1]: Started Forward Password Requests to Wall Directory Watch.
[[0;32m  OK  [0m] Started Forward Password Requests to Wall Directory Watch.
[   10.226703] systemd[1]: Listening on /dev/initctl Compatibility Named Pipe.
[[0;32m  OK  [0m] Listening on /dev/initctl Compatibility Named Pipe.
[   10.235752] systemd[1]: Listening on Journal Audit Socket.
[[0;32m  OK  [0m] Listening on Journal Audit Socket.
[   10.250438] iscsi: registered transport (iser)
[   10.255724] systemd[1]: Starting Monitoring of LVM2 mirrors, snapshots etc. using dmeventd or progress polling...
         Starting Monitoring of LVM2 mirrors... dmeventd or progress polling...
[   10.277543] systemd[1]: Reached target User and Group Name Lookups.
[[0;32m  OK  [0m] Reached target User and Group Name Lookups.
[   10.291117] systemd[1]: Mounting POSIX Message Queue File System...
         Mounting POSIX Message Queue File System...
[   10.298869] systemd[1]: Created slice User and Session Slice.
[[0;32m  OK  [0m] Created slice User and Session Slice.
[   10.305347] systemd[1]: Reached target Slices.
[[0;32m  OK  [0m] Reached target Slices.
[   10.312425] systemd[1]: Mounting Huge Pages File System...
         Mounting Huge Pages File System...
[   10.321082] systemd[1]: Starting Journal Service...
         Starting Journal Service...
[   10.328040] systemd[1]: Created slice system-serial\x2dgetty.slice.
[[0;32m  OK  [0m] Created slice system-serial\x2dgetty.slice.
[   10.360896] systemd[1]: Mounted Huge Pages File System.
[[0;32m  OK  [0m] Mounted Huge Pages File System.
[   10.376386] systemd[1]: Mounted POSIX Message Queue File System.
[[0;32m  OK  [0m] Mounted POSIX Message Queue File System.
[   10.387097] systemd[1]: Mounted Debug File System.
[[0;32m  OK  [0m] Mounted Debug File System.
[   10.392805] systemd[1]: Started Journal Service.
[[0;32m  OK  [0m] Started Journal Service.
[[0;32m  OK  [0m] Started Create list of required sta...ce nodes for the current kernel.
[[0;32m  OK  [0m] Started Load Kernel Modules.
[[0;32m  OK  [0m] Started Uncomplicated firewall.
[[0;32m  OK  [0m] Started Set console keymap.
[[0;32m  OK  [0m] Started Remount Root and Kernel File Systems.
[[0;32m  OK  [0m] Started Nameserver information manager.
[[0;32m  OK  [0m] Started LVM2 metadata daemon.
         Starting Load/Save Random Seed...
         Starting udev Coldplug all Devices...
         Mounting FUSE Control File System...
         Starting Apply Kernel Variables...
         Starting Create Static Device Nodes in /dev...
         Starting Flush Journal to Persistent Storage...
[[0;32m  OK  [0m] Mounted FUSE Control File System.
[[0;32m  OK  [0m] Started Load/Save Random Seed.
[[0;32m  OK  [0m] Started Apply Kernel Variables.
[[0;32m  OK  [0m] Started Flush Journal to Persistent Storage.
[[0;32m  OK  [0m] Started Create Static Device Nodes in /dev.
         Starting udev Kernel Device Manager...
[[0;32m  OK  [0m] Started udev Coldplug all Devices.
[[0;32m  OK  [0m] Started Monitoring of LVM2 mirrors,...ng dmeventd or progress polling.
[[0;32m  OK  [0m] Reached target Local File Systems (Pre).
[[0;32m  OK  [0m] Reached target Local File Systems.
         Starting Set console font and keymap...
         Starting Create Volatile Files and Directories...
         Starting Initial cloud-init job (pre-networking)...
         Starting LSB: AppArmor initialization...
         Starting Tell Plymouth To Write Out Runtime Data...
         Starting Commit a transient machine-id on disk...
[[0;32m  OK  [0m] Started Commit a transient machine-id on disk.
[[0;32m  OK  [0m] Started Create Volatile Files and Directories.
         Starting Update UTMP about System Boot/Shutdown...
[[0;32m  OK  [0m] Started Tell Plymouth To Write Out Runtime Data.
[[0;32m  OK  [0m] Started Update UTMP about System Boot/Shutdown.
[[0;32m  OK  [0m] Started udev Kernel Device Manager.
[[0;32m  OK  [0m] Started Dispatch Password Requests to Console Directory Watch.
[[0;32m  OK  [0m] Started Set console font and keymap.
[[0;32m  OK  [0m] Created slice system-getty.slice.
[[0;32m  OK  [0m] Found device /dev/ttyS0.
[[0;32m  OK  [0m] Listening on Load/Save RF Kill Switch Status /dev/rfkill Watch.
[[0;32m  OK  [0m] Started LSB: AppArmor initialization.
[   15.090691] cloud-init[468]: Cloud-init v. 19.4-33-gbb4131a2-0ubuntu1~16.04.1 running 'init-local' at Wed, 01 Jul 2020 10:07:09 +0000. Up 14.51 seconds.
[[0;32m  OK  [0m] Started Initial cloud-init job (pre-networking).
[[0;32m  OK  [0m] Reached target Network (Pre).
         Starting Raise network interfaces...
[[0;32m  OK  [0m] Started Raise network interfaces.
[[0;32m  OK  [0m] Reached target Network.
         Starting Initial cloud-init job (metadata service crawler)...
[   17.789710] cloud-init[957]: Cloud-init v. 19.4-33-gbb4131a2-0ubuntu1~16.04.1 running 'init' at Wed, 01 Jul 2020 10:07:11 +0000. Up 16.41 seconds.
[   17.802962] cloud-init[957]: ci-info: ++++++++++++++++++++++++++++++++++++++Net device info+++++++++++++++++++++++++++++++++++++++
[   17.809253] cloud-init[957]: ci-info: +--------+-------+----------------------------+---------------+--------+-------------------+
[   17.813677] cloud-init[957]: ci-info: | Device |   Up  |          Address           |      Mask     | Scope  |     Hw-Address    |
[   17.825518] cloud-init[957]: ci-info: +--------+-------+----------------------------+---------------+--------+-------------------+
[   17.832911] cloud-init[957]: ci-info: | enp0s3 |  True |         10.0.2.15          | 255.255.255.0 | global | 02:89:fa:04:16:8f |
[   17.838173] cloud-init[957]: ci-info: | enp0s3 |  True | fe80::89:faff:fe04:168f/64 |       .       |  link  | 02:89:fa:04:16:8f |
[   17.841172] cloud-init[957]: ci-info: | enp0s8 | False |             .              |       .       |   .    | 08:00:27:90:c9:58 |
[   17.846818] cloud-init[957]: ci-info: |   lo   |  True |         127.0.0.1          |   255.0.0.0   |  host  |         .         |
[   17.856956] cloud-init[957]: ci-info: |   lo   |  True |          ::1/128           |       .       |  host  |         .         |
[   17.861652] cloud-init[957]: ci-info: +--------+-------+----------------------------+---------------+--------+-------------------+
[   17.866348] cloud-init[957]: ci-info: +++++++++++++++++++++++++++Route IPv4 info++++++++++++++++++++++++++++
[   17.869305] cloud-init[957]: ci-info: +-------+-------------+----------+---------------+-----------+-------+
[   17.875325] cloud-init[957]: ci-info: | Route | Destination | Gateway  |    Genmask    | Interface | Flags |
[   17.880161] cloud-init[957]: ci-info: +-------+-------------+----------+---------------+-----------+-------+
[   17.883928] cloud-init[957]: ci-info: |   0   |   0.0.0.0   | 10.0.2.2 |    0.0.0.0    |   enp0s3  |   UG  |
[   17.887834] cloud-init[957]: ci-info: |   1   |   10.0.2.0  | 0.0.0.0  | 255.255.255.0 |   enp0s3  |   U   |
[   17.892271] cloud-init[957]: ci-info: +-------+-------------+----------+---------------+-----------+-------+
[   17.896153] cloud-init[957]: ci-info: +++++++++++++++++++Route IPv6 info+++++++++++++++++++
[   17.905217] cloud-init[957]: ci-info: +-------+-------------+---------+-----------+-------+
[   17.908447] cloud-init[957]: ci-info: | Route | Destination | Gateway | Interface | Flags |
[   17.925442] cloud-init[957]: ci-info: +-------+-------------+---------+-----------+-------+
[   17.929342] cloud-init[957]: ci-info: |   0   |  fe80::/64  |    ::   |   enp0s3  |   U   |
[   17.933254] cloud-init[957]: ci-info: |   3   |   ff00::/8  |    ::   |   enp0s3  |   U   |
[   17.936787] cloud-init[957]: ci-info: +-------+-------------+---------+-----------+-------+
[   17.939926] cloud-init[957]: Generating public/private rsa key pair.
[   17.943353] cloud-init[957]: Your identification has been saved in /etc/ssh/ssh_host_rsa_key.
[   17.949431] cloud-init[957]: Your public key has been saved in /etc/ssh/ssh_host_rsa_key.pub.
[   17.954387] cloud-init[957]: The key fingerprint is:
[   17.959962] cloud-init[957]: SHA256:jp321bIfdL9QIclqG/sIfYZgbH7H4aoyNPkMSQikvXs root@ubuntu-xenial
[   17.963349] cloud-init[957]: The key's randomart image is:
[   17.965997] cloud-init[957]: +---[RSA 2048]----+
[   17.972674] cloud-init[957]: |  ..             |
[   17.975611] cloud-init[957]: |  o.        . .  |
[   17.977755] cloud-init[957]: | . .. .      + . |
[   17.980939] cloud-init[957]: |    .. ..   . . .|
[   17.983637] cloud-init[957]: |   .  . S= + ....|
[   17.986335] cloud-init[957]: |    .  X+.+ Boo..|
[   17.992627] cloud-init[957]: |   . Eo Xo *oBo .|
[   17.995202] cloud-init[957]: |    .  + +o.Bo...|
[   17.998107] cloud-init[957]: |        o.oo.o.. |
[   18.002204] cloud-init[957]: +----[SHA256]-----+
[[0;32m  OK  [0m] Started Initial cloud-init job (metadata service crawler).
[[0;32m  OK  [0m] Reached target Network is Online.
[   18.006271] cloud-init[957]: Generating public/private dsa key pair.
         Starting iSCSI initiator daemon (iscsid)...
[[0;32m  OK  [0m] Reached target System Initialization.
         Starting Socket activation for snappy daemon.
[[0;32m  OK  [0m] Started Message of the Day.
[   18.024004] cloud-init[957]: Your identification has been saved in /etc/ssh/ssh_host_dsa_key.
[[0;32m  OK  [0m] Started ACPI Events Check.
[[0;32m  OK  [0m] Reached target Paths.
[[0;32m  OK  [0m] Listening on ACPID Listen Socket.
[   18.074904] cloud-init[957]: Your public key has been saved in /etc/ssh/ssh_host_dsa_key.pub.
[   18.096731] cloud-init[957]: The key fingerprint is:
[   18.100928] cloud-init[[0;32m  OK  [0m] Started Daily apt download activities.
[[957]: [0;32m  OK  [0mSHA256:6qVDgbrIGohLkDsKSxMUSc/cmyWrQQbr7JmXqtR3Tng root@ubuntu-xenial] 
Started Daily Cleanup of Temporary Directories.
         Starting LXD - unix socket.
[[0;32m  OK  [0m] Started Daily apt upgrade and clean activities.
[   18.110655] cloud-init[957]: The key's randomart image is:
[[0;32m  OK  [0m] Reached target Timers.
[[0;32m  OK  [0m] Listening on UUID daemon activation socket.
[[0;32m  OK  [0m] Listening on D-Bus System Message Bus Socket.
[[0;32m  OK  [0m] Reached target Cloud-config availability.
[   18.114354] cloud-init[957]: +---[DSA 1024]----+
[   18.135181] cloud-init[957]: |.+.              |
[   18.144418] cloud-init[957]: | .B .            |
[[0;32m  OK  [0m] Listening on Socket activation for snappy daemon.
[[0;32m  OK  [0m] Listening on LXD - unix socket.
[[0;32m  OK  [0m] [   18.148493] Reached target Sockets.
[[0;32m  OK  [0m] Reached target Basic System.
cloud-init[957]: | o * + .         |
[   18.162596] cloud-init[957]: |+.o . B          |
[   18.165429] cloud-init[957]: |o+ o + .S        |
[   18.169753] cloud-init         Starting LSB: MD monitoring daemon...
[957]: |=.* + o.         |
[   18.177663]          cloud-initStarting LSB: Record successful boot for GRUB...[957]: 
|OX * +.E.        |
         Starting Login Service...
         Starting /etc/rc.local Compatibility...
[   18.178829] cloud-init[957]: |B*= ..*o         |
[   18.192590] cloud-init[957]: |O.    oo         |
         Starting System Logging Service...
[[0;32m  OK  [0m] Started D-Bus System Message Bus.
[   18.197037] cloud-init[957]: +----[SHA256]-----+
[   18.217717] cloud-init[957]: Generating public/private ecdsa key pair.
[   18.225444] cloud-init[957]: Your identification has been saved in /etc/ssh/ssh_host_ecdsa_key.
[   18.232335] cloud-init[957]: Your public key has been saved in /etc/ssh/ssh_host_ecdsa_key.pub.
[   18.245004] cloud-init[957]: The key fingerprint is:
[   18.248927] cloud-init[957]: SHA256:CZ0tIwojAr4eXeRbXmZmg0rTM+aQJ6OZLL+YSUM2/NA root@ubuntu-xenial
[   18.264441] cloud-init[957]: The key's randomart image is:
[   18.267862] cloud-init[957]: +---[ECDSA 256]---+
[   18.272513] cloud-init[957]: |.    .           |
[   18.286382] cloud-init[957]: |o   o o..o       |
[[0;32m  OK  [0m] Started FUSE filesystem for LXC.
[   18.287555] cloud-init[957]: |o.o  XoO=B.      |
[   18.302226] cloud-init[957]: |o.=o*.&oO+.      |
         Starting Virtualbox guest utils...
[   18.319442] cloud-init[957]: | X E.o oS        |
[   18.332918] cloud-init[957]: |+ B              |
[   18.336006] cloud-init[957]: | + o             |
[   18.339175] cloud-init[957]: |. = .            |
[   18.341415] cloud-init[957]: | + .             |
[[0;32m  OK  [0m] Started Regular background program processing daemon.
         Starting Accounts Service...
[   18.344006] cloud-init[957]: +----[SHA256]-----+
         Starting Pollinate to seed the pseudo random number generator...
[   18.364484] cloud-init[957]: Generating public/private ed25519 key pair.
[   18.376827]          Starting LXD - container startup/shutdown...
[[0;32m  OK  [0m] Started Deferred execution scheduler.
cloud-init[[0;32m  OK  [0m] Started ACPI event daemon.
[957]: Your identification has been saved in /etc/ssh/ssh_host_ed25519_key.
         Starting Snappy daemon...
[[0;32m  OK  [0m] Started System Logging Service.
[[0;32m  OK  [0m] Started iSCSI initiator daemon (iscsid).
[[0;32m  OK  [0m] Started /etc/rc.local Compatibility.
[   18.403501] cloud-init[957]: Your public key has been saved in /etc/ssh/ssh_host_ed25519_key.pub.
[   18.451048]          Starting Login to default iSCSI targets...
[[0;32m  OK  [0m] Started Login Service.
[[0;32m  OK  [0m] Started Unattended Upgrades Shutdown.
cloud-init[957]: The key fingerprint is:
[   18.484813] cloud-init[957]: SHA256:uqsybF3+YHct+ttOIkxyl9Z4jFxCxfVrvavRqc8+8iU root@ubuntu-xenial
[   18.497471] cloud-init[957]: The key's randomart image is:
[[0;32m  OK  [0m] Started LSB: Record successful boot for GRUB.
[[0;32m  OK  [0m] Started LSB: MD monitoring daemon.
[   18.530939] cloud-init[957]: +--[ED25519 256]--+
[   18.552688] cloud-init[957]: |          .o...  |
[   18.556929] cloud-init[957]: |         .  .  . |
[   18.571924] [[0;32m  OK  [0m] Started Login to default iSCSI targets.
[[0;32m  OK  [0m] Reached target Remote File Systems (Pre).
[[0;32m  OK  [0m] Reached target Remote File Systems.
cloud-init[957]: |          . .   .|
[   18.589600] cloud-init[957]: |         . O    o|
[   18.595658] cloud-init[957]: |      . S B +  o.|
[   18.598843] cloud-init[957]: |      .* o o  o o|
[   18.601168]          Starting LSB: automatic crash report generation...
         Starting LSB: daemon to balance interrupts for SMP systems...
         Starting LSB: Set the CPU Frequency Scaling governor to "ondemand"...
         Starting Permit User Sessions...
cloud-init[957]: | . . o+ + + o.E+.|
[   18.641901] cloud-init[957]: |  = ...+ + = .+oo|
[   18.649726] cloud-init[957]: | . o..ooo.oooo**.|
[   18.658242] cloud-init[957]: +----[SHA256]-----+[[0;32m  OK  [0m] Started LSB: Set the CPU Frequency Scaling governor to "ondemand".

[[0;32m  OK  [0m] Started Permit User Sessions.
         Starting Hold until boot process finishes up...
         Starting Terminate Plymouth Boot Screen...
[[0;32m  OK  [0m] Started Hold until boot process finishes up.
[[0;32m  OK  [0m] Started Terminate Plymouth Boot Screen.
         Starting Authenticate and Authorize Users to Run Privileged Tasks...
[[0;32m  OK  [0m] Started Getty on tty1.
[[0;32m  OK  [0m] Started Serial Getty on ttyS0.
[[0;32m  OK  [0m] Reached target Login Prompts.
         Starting Set console scheme...
[[0;32m  OK  [0m] Started LSB: daemon to balance interrupts for SMP systems.
[[0;32m  OK  [0m] Started Set console scheme.
[[0;32m  OK  [0m] Started LSB: automatic crash report generation.
[[0;32m  OK  [0m] Started Authenticate and Authorize Users to Run Privileged Tasks.
[[0;32m  OK  [0m] Started Accounts Service.
[[0;32m  OK  [0m] Started LXD - container startup/shutdown.
[[0;32m  OK  [0m] Started Virtualbox guest utils.
[[0;32m  OK  [0m] Started Snappy daemon.
         Starting Wait until snapd is fully seeded...
[[0;32m  OK  [0m] Started Pollinate to seed the pseudo random number generator.
         Starting OpenBSD Secure Shell server...
[[0;32m  OK  [0m] Started OpenBSD Secure Shell server.
[[0;32m  OK  [0m] Started Wait until snapd is fully seeded.
         Starting Apply the settings specified in cloud-config...
[[0;32m  OK  [0m] Reached target Multi-User System.
[[0;32m  OK  [0m] Reached target Graphical Interface.
         Starting Update UTMP about System Runlevel Changes...
[[0;32m  OK  [0m] Started Update UTMP about System Runlevel Changes.
[   21.662166] cloud-init[1323]: Generating locales (this might take a while)...
[   23.209931] cloud-init[1323]:   en_US.UTF-8... done
[   23.212523] cloud-init[1323]: Generation complete.
[   24.171409] cloud-init[1323]: Cloud-init v. 19.4-33-gbb4131a2-0ubuntu1~16.04.1 running 'modules:config' at Wed, 01 Jul 2020 10:07:16 +0000. Up 21.43 seconds.

Ubuntu 16.04.6 LTS ubuntu-xenial ttyS0

ubuntu-xenial login: ci-info: no authorized SSH keys fingerprints found for user ubuntu.
<14>Jul  1 10:07:21 ec2: 
<14>Jul  1 10:07:21 ec2: #############################################################
<14>Jul  1 10:07:21 ec2: -----BEGIN SSH HOST KEY FINGERPRINTS-----
<14>Jul  1 10:07:21 ec2: 1024 SHA256:6qVDgbrIGohLkDsKSxMUSc/cmyWrQQbr7JmXqtR3Tng root@ubuntu-xenial (DSA)
<14>Jul  1 10:07:21 ec2: 256 SHA256:CZ0tIwojAr4eXeRbXmZmg0rTM+aQJ6OZLL+YSUM2/NA root@ubuntu-xenial (ECDSA)
<14>Jul  1 10:07:21 ec2: 256 SHA256:uqsybF3+YHct+ttOIkxyl9Z4jFxCxfVrvavRqc8+8iU root@ubuntu-xenial (ED25519)
<14>Jul  1 10:07:21 ec2: 2048 SHA256:jp321bIfdL9QIclqG/sIfYZgbH7H4aoyNPkMSQikvXs root@ubuntu-xenial (RSA)
<14>Jul  1 10:07:21 ec2: -----END SSH HOST KEY FINGERPRINTS-----
<14>Jul  1 10:07:21 ec2: #############################################################
-----BEGIN SSH HOST KEY KEYS-----
ecdsa-sha2-nistp256 AAAAE2VjZHNhLXNoYTItbmlzdHAyNTYAAAAIbmlzdHAyNTYAAABBBHRRDduETGFdDBzprsU+Hs5Hw4eRQiyvz2wXkEPSGbzz9fx5Sx8pH6ahXJBmMAkBVl38wxarjMD1QUs9Ek9pEWg= root@ubuntu-xenial
ssh-ed25519 AAAAC3NzaC1lZDI1NTE5AAAAIPT+ZHWR1wBKK4ryTccFDStnoV5CrwP5FIhcqL1SxvtT root@ubuntu-xenial
ssh-rsa AAAAB3NzaC1yc2EAAAADAQABAAABAQCtjmiD9o8ZYUoKvHEBxhFMfTGmDLzXJi1Ut6eRwADpX29vyYQwFfEKUu+u6v+9NKED3iD4FvlxVzUrbwKkWH2nDjbALGm80ez+2bFqvE7twsAAj2/B/FgmP2Wit0aY0Eqx5dM6zrohkUU8+ud3CREkbcUzXa35/AWJi0RgpPqyRSy4QQPabyHEhJB7UhbSV1RJoPkZSfh03IrI4X0h+0jJ5vp7tznejrO0oR4qyktUA/jSAv8C5ZoxRK/KRcTWjFc390VNcDLzy+LnUtlCLUgWyE5JT2yZcTV+7A6UsnbiuuSiI8l8+zsQ6eUzKu8yqplmZpXXV/D6HwdEL3qZRrd3 root@ubuntu-xenial
-----END SSH HOST KEY KEYS-----
[   26.198648] cloud-init[1369]: Cloud-init v. 19.4-33-gbb4131a2-0ubuntu1~16.04.1 running 'modules:final' at Wed, 01 Jul 2020 10:07:20 +0000. Up 25.47 seconds.
[   26.199045] cloud-init[1369]: ci-info: no authorized SSH keys fingerprints found for user ubuntu.
[   26.217657] cloud-init[1369]: Cloud-init v. 19.4-33-gbb4131a2-0ubuntu1~16.04.1 finished at Wed, 01 Jul 2020 10:07:21 +0000. Datasource DataSourceNoCloud [seed=/dev/sdb][dsmode=net].  Up 26.14 seconds
